_off^_usr, _off^_usr, _off^_usr, _off^_usr, _off^_usr, _off^_usr, _off^_usr, _off^_usr, _off^_usr, _off^_usr, _off^_usr, _off^_usr, _off^_usr, _off^_usr, _off^_usr, _off^_usr, _off^_usr, _off^_usr, _off^_usr, _off^_usr, _off^_usr, _off^_usr, _off^_usr, _off^_usr, _off^_usr, _off^_usr, _off^_usr, _off^_usr, _off^_usr, _off^_usr, _off^_usr, _off^_usr, _off^_usr, _off^_usr, _off^_usr, _off^_usr, _off^_usr, _off^_usr, _off^_usr, _off^_usr, _off^_usr, _off^_usr
_off^_usr, _off^_usr, _off^_usr, _off^_usr, _off^_usr, _off^_usr, _off^_usr, _off^_usr, _off^_usr, _off^_usr, _off^_usr, _off^_usr, _off^_usr, _off^_usr, _off^_usr, _off^_usr, _off^_usr, _off^_usr, _off^_usr, _off^_usr, _off^_usr, _off^_usr, _off^_usr, _off^_usr, _off^_usr, _off^_usr, _off^_usr, _off^_usr, _off^_usr, _off^_usr, _off^_usr, _off^_usr, _off^_usr, _off^_usr, _off^_usr, _off^_usr, _off^_usr, _off^_usr, _off^_usr, _off^_usr, _off^_usr, _off^_usr
_off^_usr, _off^_usr, _off^_usr, _off^_usr, _off^_usr, _off^_usr, _off^_usr, _off^_usr, _off^_usr, _off^_usr, _off^_usr, _off^_usr, Mm^Xm, Mm^Xm, Mm^Xm, Gs^Fp, Mm^Xm, Gs^Fp, Hh, Gs^Fms, Ww, Ww, Ww, Gs^Fp, Gs^Fms, Mm^Xm, Mm^Xm, Mm^Xm, Mm^Xm, Mm^Xm, Mm, _off^_usr, _off^_usr, _off^_usr, _off^_usr, _off^_usr, _off^_usr, _off^_usr, _off^_usr, _off^_usr, _off^_usr, _off^_usr
_off^_usr, _off^_usr, _off^_usr, _off^_usr, _off^_usr, _off^_usr, _off^_usr, _off^_usr, _off^_usr, _off^_usr, Gs^Fp, Mm, Hh^Fms, Mm, Gs^Fp, Mm^Xm, Gs^Fms, Gg^Ve, Gg, Hh, Mm, Ww, Ch, Hh, Gs, Hh, Rr^Vd, Hh^Fms, Hh, Mm, Hh, Gs^Fp, Gg, _off^_usr, _off^_usr, _off^_usr, _off^_usr, _off^_usr, _off^_usr, _off^_usr, _off^_usr, _off^_usr
_off^_usr, _off^_usr, _off^_usr, _off^_usr, _off^_usr, _off^_usr, _off^_usr, _off^_usr, Hh, Gg, Gs, Hh, Gs, Hh, Hh^Fds, Mm, Gg, Gg, Ch, Gg, Ch, Kh^Vov, Ch, Ch, Gg, Gs, Gs^Fp, Tb^Tf, Gs, Gs, Gg, Gg, Mm, Wwf, Wwf, _off^_usr, _off^_usr, _off^_usr, _off^_usr, _off^_usr, _off^_usr, _off^_usr
_off^_usr, _off^_usr, _off^_usr, _off^_usr, _off^_usr, _off^_usr, Wwf, Wwf, Gg, Gg, Gs, Gs, Gg, Gg^Ve, Gg, Gg, Gg, Gg, 1 Kh, Ch, Gg, Wwf, Gg, Gg, Hh, Gs^Fp, Gs^Fp, Gs, Gg, Gs, Gg, Hh, Hh^Fms, Gs^Fds, Wwf, Xu, Xu, _off^_usr, _off^_usr, _off^_usr, _off^_usr, _off^_usr
_off^_usr, _off^_usr, _off^_usr, _off^_usr, Xu, Xu, Wwf, Gg, Ss, Hh^Fms, Hh, Gg, Gg, Gg, Re, Gg, Re, Gg, Gg, Ch, Gg, Wwf, Gg, Gs^Fp, Gs^Fp, Hh, Gg, Gg, Gg, Gs, Ce, Ce, Ce, Gg, Gg, Wwf, Xu, Xu, Xu, _off^_usr, _off^_usr, _off^_usr
_off^_usr, _off^_usr, Xu, Xu, Wwf, Wwf, Gg, Gg, Gs, Gs^Fp, Gg, Gg, Gg, Gg, Re, Re, Xu, Re, Re^Tf, Gg, Re, Wwf, Gg, Gs^Fp, Gg, Re, Re, Re, Xu, Gs, Ce, Ke^Vov, Ce, Gg, Re, Wwf, Wwf, Xu, Uh, Xu, Xu, _off^_usr
_off^_usr, _off^_usr, Xu, Xu, Wwf, Gg, Gs, Gs^Fp, Mm, Gs, Gg, Gg, Re, Re, Ww, Xu, Uh, Uu^Vud, Xu, Re, Wwf, Wwf, Re, Gg, Re, Re, Wwf, Xu, Xu, Uh, Gs, Ce, Gs, Hh^Fds, Gs, Re, Wwf, Xu, Wwf, Uu, Tb^Tf, _off^_usr
_off^_usr, _off^_usr, Xu, Wwf, Gs^Fp, Hh, Gs, Hh, Gs^Fp, Hh, Gg, Ss^Vhs, Re, Ww, Wo, Ww, Wwf, Wwf, Uh, Tb^Tf, Wwf, Ww, Ss^Vhs, Re, Xu, Wwf, Ur, Ur, Re, Gs^Fp, Gg, Gs, Gs, Gs, Gs, Re, Re^Tf, Wwf, Wwf, Uu, Xu, _off^_usr
_off^_usr, _off^_usr, Wwf, Wwf, Gs, Gg, Gs, Re^Tf, Gs, Gs, Gg, Re, Re, Ww, Ww, Ww, Xu, Uh, Xu, Ur, Ww, Ww, Ww, Xu, Ww, Uu^Vu, Ur, Re, Gg, Gg, Gg, Gg, Re^Tf, Gs, Gs^Fp, Gs, Re, Gs^Fp, Wwf, Xu, Xu, _off^_usr
_off^_usr, _off^_usr, Gs^Fms, Gs^Fp, Re^Tf, Re, Gg, Gs, Gs, Gs, Gg, Gg, Gg, Re, Wwf, Uh, Xu, Ur, Xu, Wwf, Ww, Wo, Uu, Uh, Uh, Xu, Xu, Re, Re, Gg, Hh, Hh, Mm, Tb^Tf, Hh, Gs, Gs, Re, Re, Wwf, Xu, _off^_usr
_off^_usr, _off^_usr, Mm, Hh, Re, Re, Gg, Gs, Hh, Gs, Ss, Gg, Hh, Re, Wwf, Xu, Xu, Ur, Wwf, Wwf, Ww, Tb^Tf, Ww, Ww, Tb^Tf, Tb^Tf, Uh, Uh, Re, Re, Gs^Fp, Gs^Fms, Gs^Fms, Gs^Fp, Gs^Fp, Gs^Fms, Gg, Re, Re^Tf, Wwf, Wwf, _off^_usr
_off^_usr, Wwf, Wwf, Re^Tf, Re, Gg, Gs^Fms, Gs^Fp, Gs^Fp, Gs^Fms, Gs^Fms, Gs^Fp, Re, Re, Uh, Uh, Tb^Tf, Tb^Tf, Ww, Ww, Tb^Tf, Ww, Wwf, Wwf, Ur, Xu, Xu, Wwf, Re, Hh, Gg, Ss, Gs, Hh, Gs, Gg, Re, Re, Hh, Mm, _off^_usr, _off^_usr
_off^_usr, Xu, Wwf, Re, Re, Gs, Gs, Hh, Tb^Tf, Mm, Hh, Hh, Gg, Re, Re, Xu, Xu, Uh, Uh, Uu, Wo, Ww, Wwf, Xu, Ur, Xu, Uh, Wwf, Re, Gg, Gg, Gg, Gs, Gs, Gs, Gg, Re, Re^Tf, Gs^Fp, Gs^Fms, _off^_usr, _off^_usr
_off^_usr, Xu, Xu, Wwf, Gs^Fp, Re, Gs, Gs^Fp, Gs, Re^Tf, Gg, Gg, Gg, Gg, Re, Ur, Uu^Vu, Ww, Xu, Ww, Ww, Ww, Ur, Xu, Uh, Xu, Ww, Ww, Ww, Re, Re, Gg, Gs, Gs, Re^Tf, Gs, Gg, Gs, Wwf, Wwf, _off^_usr, _off^_usr
_off^_usr, Xu, Uu, Wwf, Wwf, Re^Tf, Re, Gs, Gs, Gs, Gs, Gg, Gs^Fp, Re, Ur, Ur, Wwf, Xu, Re, Ss^Vhs, Ww, Wwf, Tb^Tf, Uh, Wwf, Wwf, Ww, Wo, Ww, Re, Ss^Vhs, Gg, Hh, Gs^Fp, Hh, Gs, Hh, Gs^Fp, Wwf, Xu, _off^_usr, _off^_usr
_off^_usr, Tb^Tf, Uu, Wwf, Xu, Wwf, Re, Gs, Hh^Fds, Gs, Ce, Gs, Uh, Xu, Xu, Wwf, Re, Re, Gg, Re, Wwf, Wwf, Re, Xu, Uu^Vud, Uh, Xu, Ww, Re, Re, Gg, Gg, Gs, Mm, Gs^Fp, Gs, Gg, Wwf, Xu, Xu, _off^_usr, _off^_usr
_off^_usr, Xu, Xu, Uh, Xu, Wwf, Wwf, Re, Gg, Ce, Ke^Vov, Ce, Gs, Xu, Re, Re, Re, Gg, Gs^Fp, Gg, Wwf, Re, Gg, Re^Tf, Re, Xu, Re, Re, Gg, Gg, Gg, Gg, Gs^Fp, Gs, Gg, Gg, Wwf, Wwf, Xu, Xu, _off^_usr, _off^_usr
_off^_usr, _off^_usr, _off^_usr, Xu, Xu, Xu, Wwf, Gg, Gg, Ce, Ce, Ce, Gs, Gg, Gg, Gg, Hh, Gs^Fp, Gs^Fp, Gg, Wwf, Gg, Ch, Gg, Gg, Re, Gg, Re, Gg, Gg, Gg, Hh, Hh^Fms, Ss, Gg, Wwf, Xu, Xu, _off^_usr, _off^_usr, _off^_usr, _off^_usr
_off^_usr, _off^_usr, _off^_usr, _off^_usr, _off^_usr, Xu, Xu, Wwf, Gs^Fds, Hh^Fms, Hh, Gg, Gs, Gg, Gs, Gs^Fp, Gs^Fp, Hh, Gg, Gg, Wwf, Gg, Ch, 2 Kh, Gg, Gg, Gg, Gg, Gg^Ve, Gg, Gs, Gs, Gg, Gg, Wwf, Wwf, _off^_usr, _off^_usr, _off^_usr, _off^_usr, _off^_usr, _off^_usr
_off^_usr, _off^_usr, _off^_usr, _off^_usr, _off^_usr, _off^_usr, _off^_usr, Wwf, Wwf, Mm, Gg, Gg, Gs, Gs, Tb^Tf, Gs^Fp, Gs, Gg, Ch, Ch, Kh^Vov, Ch, Gg, Ch, Gg, Gg, Mm, Hh^Fds, Hh, Gs, Hh, Gs, Gg, Hh, _off^_usr, _off^_usr, _off^_usr, _off^_usr, _off^_usr, _off^_usr, _off^_usr, _off^_usr
_off^_usr, _off^_usr, _off^_usr, _off^_usr, _off^_usr, _off^_usr, _off^_usr, _off^_usr, _off^_usr, Gg, Gs^Fp, Hh, Mm, Hh, Hh^Fms, Rr^Vd, Hh, Gs, Hh, Ch, Ww, Mm, Hh, Gg, Gg^Ve, Gs^Fms, Mm^Xm, Gs^Fp, Mm, Hh^Fms, Mm, Gs^Fp, _off^_usr, _off^_usr, _off^_usr, _off^_usr, _off^_usr, _off^_usr, _off^_usr, _off^_usr, _off^_usr, _off^_usr
_off^_usr, _off^_usr, _off^_usr, _off^_usr, _off^_usr, _off^_usr, _off^_usr, _off^_usr, _off^_usr, _off^_usr, _off^_usr, Mm, Mm^Xm, Mm^Xm, Mm^Xm, Mm^Xm, Mm^Xm, Gs^Fms, Gs^Fp, Ww, Ww, Ww, Gs^Fms, Hh, Gs^Fp, Mm^Xm, Gs^Fp, Mm^Xm, Mm^Xm, Mm^Xm, _off^_usr, _off^_usr, _off^_usr, _off^_usr, _off^_usr, _off^_usr, _off^_usr, _off^_usr, _off^_usr, _off^_usr, _off^_usr, _off^_usr
_off^_usr, _off^_usr, _off^_usr, _off^_usr, _off^_usr, _off^_usr, _off^_usr, _off^_usr, _off^_usr, _off^_usr, _off^_usr, _off^_usr, _off^_usr, _off^_usr, _off^_usr, _off^_usr, _off^_usr, _off^_usr, _off^_usr, _off^_usr, _off^_usr, _off^_usr, _off^_usr, _off^_usr, _off^_usr, _off^_usr, _off^_usr, _off^_usr, _off^_usr, _off^_usr, _off^_usr, _off^_usr, _off^_usr, _off^_usr, _off^_usr, _off^_usr, _off^_usr, _off^_usr, _off^_usr, _off^_usr, _off^_usr, _off^_usr
_off^_usr, _off^_usr, _off^_usr, _off^_usr, _off^_usr, _off^_usr, _off^_usr, _off^_usr, _off^_usr, _off^_usr, _off^_usr, _off^_usr, _off^_usr, _off^_usr, _off^_usr, _off^_usr, _off^_usr, _off^_usr, _off^_usr, _off^_usr, _off^_usr, _off^_usr, _off^_usr, _off^_usr, _off^_usr, _off^_usr, _off^_usr, _off^_usr, _off^_usr, _off^_usr, _off^_usr, _off^_usr, _off^_usr, _off^_usr, _off^_usr, _off^_usr, _off^_usr, _off^_usr, _off^_usr, _off^_usr, _off^_usr, _off^_usr
